[BaseDebug] 201801001 SN:311dd6 CMD:uptime
